// Vitest Snapshot v1, https://vitest.dev/guide/snapshot.html

exports[`Homepage > should render 1`] = `
<body>
  <div>
    <main
      class="flex min-h-screen flex-col items-center justify-between p-24"
    >
      <div
        class="flex flex-col items-center"
      >
        <h1
          class="text-4xl font-medium mb-8 text-gray-400"
        >
          Youtube transcript downloader app
        </h1>
        <p
          class="text-gray-400 mb-7 max-w-96 text-center"
        >
          Paste your Youtube video link in the input below to get its transcription. The transcription will be saved as a .txt file.
        </p>
        <input
          class="px-3 py-2 rounded-[4px] text-sm min-w-72 mb-7"
          placeholder="Enter Youtube video link"
          value=""
        />
        <button
          class="bg-blue-500 text-sm text-white px-4 py-2 rounded undefined opacity-50 cursor-not-allowed"
          disabled=""
        >
          Download transcript
        </button>
      </div>
    </main>
  </div>
</body>
`;
